// Jest Snapshot v1, https://goo.gl/fbAQLP

exports[`CalendarColumnLabelsDay component renders correctly with mocked subComponents 1`] = `
<div
  className="makeStyles-multigridColumnLabels-17 makeStyles-multigridColumnLabelsDay-18"
  onScroll={[Function]}
  style={
    Object {
      "WebkitOverflowScrolling": "touch",
      "direction": "ltr",
      "height": 74,
      "overflow": "hidden",
      "position": "relative",
      "width": -255,
      "willChange": "transform",
    }
  }
>
  multigridInnerElementType
</div>
`;
