// Jest Snapshot v1, https://goo.gl/fbAQLP

exports[`<CalendarRowLabelsUser /> renders correctly with subComponents mocked as string 1`] = `
<div
  className="css-1rzrka3"
>
  <div
    onScroll={[Function]}
    style={
      Object {
        "WebkitOverflowScrolling": "touch",
        "direction": "ltr",
        "height": -75,
        "overflow": "hidden",
        "position": "relative",
        "width": 250,
        "willChange": "transform",
      }
    }
  >
    innerElementType
  </div>
</div>
`;
