// Jest Snapshot v1, https://goo.gl/fbAQLP

exports[`<CalendarBodyCell /> renders correctly 1`] = `
<div
  className="MuiBox-root css-1ge3q6u"
  style={
    Object {
      "height": -1,
      "left": 4,
      "top": 5,
      "width": 2,
    }
  }
/>
`;
