// Jest Snapshot v1, https://goo.gl/fbAQLP

exports[`Calendar component renders correctly with mocked subComponents 1`] = `
<div
  style={
    Object {
      "height": 0,
      "overflow": "visible",
      "width": 0,
    }
  }
/>
`;
