// Jest Snapshot v1, https://goo.gl/fbAQLP

exports[`CalendarTableHead component renders correctly with mocked subComponents 1`] = `
<div
  className="makeStyles-multigridTableHead-13"
  onScroll={[Function]}
  style={
    Object {
      "WebkitOverflowScrolling": "touch",
      "direction": "ltr",
      "height": 109,
      "overflow": "hidden",
      "position": "relative",
      "width": 250,
      "willChange": "transform",
    }
  }
>
  innerElementType
</div>
`;
