// Jest Snapshot v1, https://goo.gl/fbAQLP

exports[`<LanguageMenu /> renders button correctly 1`] = `
<div
  class="MuiListItemButton-root MuiListItemButton-gutters MuiButtonBase-root css-1rmxkrg-MuiButtonBase-root-MuiListItemButton-root"
  role="button"
  tabindex="0"
>
  <div
    class="MuiListItemIcon-root css-cveggr-MuiListItemIcon-root"
  >
    <svg
      aria-hidden="true"
      class="MuiSvgIcon-root MuiSvgIcon-fontSizeMedium css-euno13-MuiSvgIcon-root"
      data-testid="TranslateIcon"
      focusable="false"
      viewBox="0 0 24 24"
    >
      <path
        d="m12.87 15.07-2.54-2.51.03-.03c1.74-1.94 2.98-4.17 3.71-6.53H17V4h-7V2H8v2H1v1.99h11.17C11.5 7.92 10.44 9.75 9 11.35 8.07 10.32 7.3 9.19 6.69 8h-2c.73 1.63 1.73 3.17 2.98 4.56l-5.09 5.02L4 19l5-5 3.11 3.11.76-2.04zM18.5 10h-2L12 22h2l1.12-3h4.75L21 22h2l-4.5-12zm-2.62 7 1.62-4.33L19.12 17h-3.24z"
      />
    </svg>
  </div>
  <div
    class="MuiListItemText-root css-19uvsop-MuiListItemText-root"
  >
    <span
      class="MuiTypography-root MuiTypography-body1 MuiListItemText-primary css-10hburv-MuiTypography-root"
    >
      English
    </span>
  </div>
  <svg
    aria-hidden="true"
    class="MuiSvgIcon-root MuiSvgIcon-fontSizeMedium css-euno13-MuiSvgIcon-root"
    data-testid="KeyboardArrowDownIcon"
    focusable="false"
    viewBox="0 0 24 24"
  >
    <path
      d="M7.41 8.59 12 13.17l4.59-4.58L18 10l-6 6-6-6 1.41-1.41z"
    />
  </svg>
  <span
    class="MuiTouchRipple-root css-8je8zh-MuiTouchRipple-root"
  />
</div>
`;
