// Jest Snapshot v1, https://goo.gl/fbAQLP

exports[`<innerElementType /> renders correctly 1`] = `
<div
  className="css-1k9ek97"
  style={
    Object {
      "paddingLeft": 2,
      "paddingTop": 2,
    }
  }
/>
`;
