// Jest Snapshot v1, https://goo.gl/fbAQLP

exports[`<Navbar /> renders correctly with subComponents mocked as string 1`] = `
<header
  className="MuiPaper-root MuiPaper-elevation MuiPaper-elevation4 MuiAppBar-root MuiAppBar-colorPrimary MuiAppBar-positionFixed mui-fixed css-11b3ww9-MuiPaper-root-MuiAppBar-root"
>
  <div
    className="MuiToolbar-root MuiToolbar-gutters MuiToolbar-regular css-1t29gy6-MuiToolbar-root"
  >
    <button
      className="MuiButtonBase-root MuiIconButton-root MuiIconButton-edgeStart MuiIconButton-sizeLarge css-d0cwcr-MuiButtonBase-root-MuiIconButton-root"
      disabled={false}
      onBlur={[Function]}
      onClick={[Function]}
      onContextMenu={[Function]}
      onDragLeave={[Function]}
      onFocus={[Function]}
      onKeyDown={[Function]}
      onKeyUp={[Function]}
      onMouseDown={[Function]}
      onMouseLeave={[Function]}
      onMouseUp={[Function]}
      onTouchEnd={[Function]}
      onTouchMove={[Function]}
      onTouchStart={[Function]}
      tabIndex={0}
      type="button"
    >
      <svg
        aria-hidden={true}
        className="MuiSvgIcon-root MuiSvgIcon-fontSizeMedium css-i4bv87-MuiSvgIcon-root"
        data-testid="MenuIcon"
        focusable="false"
        viewBox="0 0 24 24"
      >
        <path
          d="M3 18h18v-2H3v2zm0-5h18v-2H3v2zm0-7v2h18V6H3z"
        />
      </svg>
    </button>
    <h6
      className="MuiTypography-root MuiTypography-h6 MuiTypography-alignLeft MuiTypography-noWrap css-1hqc7tk-MuiTypography-root"
    >
      RUlaub
    </h6>
    <ul
      className="MuiList-root MuiList-padding css-ybj0pt-MuiList-root"
    >
      UserButton
      LanguageMenu
    </ul>
    DarkThemeSwitch
  </div>
</header>
`;
