// Jest Snapshot v1, https://goo.gl/fbAQLP

exports[`SideMenuSectionButton component renders correctly with mocked subComponents 1`] = `"SideMenuButton"`;
