// Jest Snapshot v1, https://goo.gl/fbAQLP

exports[`<SideMenu /> renders correctly when open 1`] = `
<div
  class="MuiModal-root MuiDrawer-root MuiDrawer-modal css-1u2w381-MuiModal-root-MuiDrawer-root"
  data-testid="side-menu"
  role="presentation"
>
  <div
    aria-hidden="true"
    class="MuiBackdrop-root css-i9fmh8-MuiBackdrop-root-MuiModal-backdrop"
    style="opacity: 1; webkit-transition: opacity 225ms cubic-bezier(0.4, 0, 0.2, 1) 0ms; transition: opacity 225ms cubic-bezier(0.4, 0, 0.2, 1) 0ms;"
  />
  <div
    data-test="sentinelStart"
    tabindex="0"
  />
  <div
    class="MuiPaper-root MuiPaper-elevation MuiPaper-elevation16 MuiDrawer-paper MuiDrawer-paperAnchorLeft css-4t3x6l-MuiPaper-root-MuiDrawer-paper"
    tabindex="-1"
  >
    <div
      class="css-1nmeykx"
    >
      <button
        class="MuiButtonBase-root MuiIconButton-root MuiIconButton-sizeMedium css-78trlr-MuiButtonBase-root-MuiIconButton-root"
        tabindex="0"
        type="button"
      >
        <svg
          aria-hidden="true"
          class="MuiSvgIcon-root MuiSvgIcon-fontSizeMedium css-i4bv87-MuiSvgIcon-root"
          data-testid="ChevronLeftIcon"
          focusable="false"
          viewBox="0 0 24 24"
        >
          <path
            d="M15.41 7.41 14 6l-6 6 6 6 1.41-1.41L10.83 12z"
          />
        </svg>
        <span
          class="MuiTouchRipple-root css-8je8zh-MuiTouchRipple-root"
        />
      </button>
    </div>
    <hr
      class="MuiDivider-root MuiDivider-fullWidth css-9mgopn-MuiDivider-root"
    />
    <ul
      class="MuiList-root MuiList-padding css-1ccm1cv-MuiList-root"
    >
      SideMenuButton
      <hr
        class="MuiDivider-root MuiDivider-fullWidth css-9mgopn-MuiDivider-root"
      />
      SideMenuSectionButton
      <hr
        class="MuiDivider-root MuiDivider-fullWidth css-9mgopn-MuiDivider-root"
      />
      SideMenuSectionButton
    </ul>
    <ul
      class="MuiList-root MuiList-padding css-mes3qp-MuiList-root"
    >
      <hr
        class="MuiDivider-root MuiDivider-fullWidth css-9mgopn-MuiDivider-root"
      />
      SideMenuButton
    </ul>
  </div>
  <div
    data-test="sentinelEnd"
    tabindex="0"
  />
</div>
`;
